[INFO] Scanning for projects...
[INFO] ------------------------------------------------------------------------
[INFO] Reactor Build Order:
[INFO] 
[INFO] demo-root                                                          [pom]
[INFO] demo-api                                                           [jar]
[INFO] demo-model                                                         [jar]
[INFO] demo-persistence                                                   [jar]
[INFO] demo-components                                                    [jar]
[INFO] demo-services                                                      [jar]
[INFO] demo-rest                                                          [war]
[INFO] demo-populator                                                     [jar]
[INFO] demo-tests                                                         [jar]
[INFO] 
[INFO] ---------------------< org.ifolks.demo:demo-root >----------------------
[INFO] Building demo-root 1.0.0-SNAPSHOT                                  [1/9]
[INFO]   from pom.xml
[INFO] --------------------------------[ pom ]---------------------------------
[INFO] 
[INFO] ----------------------< org.ifolks.demo:demo-api >----------------------
[INFO] Building demo-api 1.0.0-SNAPSHOT                                   [2/9]
[INFO]   from demo-api\pom.xml
[INFO] --------------------------------[ jar ]---------------------------------
[INFO] 
[INFO] --- resources:3.3.1:resources (default-resources) @ demo-api ---
[INFO] skip non existing resourceDirectory C:\Users\nicol\OneDrive\dev\sources\ifolks-open-source\ifolks-demo\demo-api\src\main\resources
[INFO] skip non existing resourceDirectory C:\Users\nicol\OneDrive\dev\sources\ifolks-open-source\ifolks-demo\demo-api\src\main\resources
[INFO] 
[INFO] --- compiler:3.11.0:compile (default-compile) @ demo-api ---
[INFO] Nothing to compile - all classes are up to date
[INFO] 
[INFO] --- resources:3.3.1:testResources (default-testResources) @ demo-api ---
[INFO] skip non existing resourceDirectory C:\Users\nicol\OneDrive\dev\sources\ifolks-open-source\ifolks-demo\demo-api\src\test\resources
[INFO] 
[INFO] --- compiler:3.11.0:testCompile (default-testCompile) @ demo-api ---
[INFO] No sources to compile
[INFO] 
[INFO] --- surefire:3.1.2:test (default-test) @ demo-api ---
[INFO] 
[INFO] ---------------------< org.ifolks.demo:demo-model >---------------------
[INFO] Building demo-model 1.0.0-SNAPSHOT                                 [3/9]
[INFO]   from demo-model\pom.xml
[INFO] --------------------------------[ jar ]---------------------------------
[INFO] 
[INFO] --- resources:3.3.1:resources (default-resources) @ demo-model ---
[INFO] skip non existing resourceDirectory C:\Users\nicol\OneDrive\dev\sources\ifolks-open-source\ifolks-demo\demo-model\src\main\resources
[INFO] skip non existing resourceDirectory C:\Users\nicol\OneDrive\dev\sources\ifolks-open-source\ifolks-demo\demo-model\src\main\resources
[INFO] 
[INFO] --- compiler:3.11.0:compile (default-compile) @ demo-model ---
[INFO] Nothing to compile - all classes are up to date
[INFO] 
[INFO] --- resources:3.3.1:testResources (default-testResources) @ demo-model ---
[INFO] skip non existing resourceDirectory C:\Users\nicol\OneDrive\dev\sources\ifolks-open-source\ifolks-demo\demo-model\src\test\resources
[INFO] 
[INFO] --- compiler:3.11.0:testCompile (default-testCompile) @ demo-model ---
[INFO] No sources to compile
[INFO] 
[INFO] --- surefire:3.1.2:test (default-test) @ demo-model ---
[INFO] 
[INFO] ------------------< org.ifolks.demo:demo-persistence >------------------
[INFO] Building demo-persistence 1.0.0-SNAPSHOT                           [4/9]
[INFO]   from demo-persistence\pom.xml
[INFO] --------------------------------[ jar ]---------------------------------
[INFO] 
[INFO] --- resources:3.3.1:resources (default-resources) @ demo-persistence ---
[INFO] skip non existing resourceDirectory C:\Users\nicol\OneDrive\dev\sources\ifolks-open-source\ifolks-demo\demo-persistence\src\main\resources
[INFO] skip non existing resourceDirectory C:\Users\nicol\OneDrive\dev\sources\ifolks-open-source\ifolks-demo\demo-persistence\src\main\resources
[INFO] 
[INFO] --- compiler:3.11.0:compile (default-compile) @ demo-persistence ---
[INFO] Nothing to compile - all classes are up to date
[INFO] 
[INFO] --- resources:3.3.1:testResources (default-testResources) @ demo-persistence ---
[INFO] skip non existing resourceDirectory C:\Users\nicol\OneDrive\dev\sources\ifolks-open-source\ifolks-demo\demo-persistence\src\test\resources
[INFO] 
[INFO] --- compiler:3.11.0:testCompile (default-testCompile) @ demo-persistence ---
[INFO] No sources to compile
[INFO] 
[INFO] --- surefire:3.1.2:test (default-test) @ demo-persistence ---
[INFO] 
[INFO] ------------------< org.ifolks.demo:demo-components >-------------------
[INFO] Building demo-components 1.0.0-SNAPSHOT                            [5/9]
[INFO]   from demo-components\pom.xml
[INFO] --------------------------------[ jar ]---------------------------------
[INFO] 
[INFO] --- resources:3.3.1:resources (default-resources) @ demo-components ---
[INFO] skip non existing resourceDirectory C:\Users\nicol\OneDrive\dev\sources\ifolks-open-source\ifolks-demo\demo-components\src\main\resources
[INFO] skip non existing resourceDirectory C:\Users\nicol\OneDrive\dev\sources\ifolks-open-source\ifolks-demo\demo-components\src\main\resources
[INFO] 
[INFO] --- compiler:3.11.0:compile (default-compile) @ demo-components ---
[INFO] Nothing to compile - all classes are up to date
[INFO] 
[INFO] --- resources:3.3.1:testResources (default-testResources) @ demo-components ---
[INFO] skip non existing resourceDirectory C:\Users\nicol\OneDrive\dev\sources\ifolks-open-source\ifolks-demo\demo-components\src\test\resources
[INFO] 
[INFO] --- compiler:3.11.0:testCompile (default-testCompile) @ demo-components ---
[INFO] No sources to compile
[INFO] 
[INFO] --- surefire:3.1.2:test (default-test) @ demo-components ---
[INFO] 
[INFO] -------------------< org.ifolks.demo:demo-services >--------------------
[INFO] Building demo-services 1.0.0-SNAPSHOT                              [6/9]
[INFO]   from demo-services\pom.xml
[INFO] --------------------------------[ jar ]---------------------------------
[INFO] 
[INFO] --- resources:3.3.1:resources (default-resources) @ demo-services ---
[INFO] skip non existing resourceDirectory C:\Users\nicol\OneDrive\dev\sources\ifolks-open-source\ifolks-demo\demo-services\src\main\resources
[INFO] skip non existing resourceDirectory C:\Users\nicol\OneDrive\dev\sources\ifolks-open-source\ifolks-demo\demo-services\src\main\resources
[INFO] 
[INFO] --- compiler:3.11.0:compile (default-compile) @ demo-services ---
[INFO] Nothing to compile - all classes are up to date
[INFO] 
[INFO] --- resources:3.3.1:testResources (default-testResources) @ demo-services ---
[INFO] skip non existing resourceDirectory C:\Users\nicol\OneDrive\dev\sources\ifolks-open-source\ifolks-demo\demo-services\src\test\resources
[INFO] 
[INFO] --- compiler:3.11.0:testCompile (default-testCompile) @ demo-services ---
[INFO] No sources to compile
[INFO] 
[INFO] --- surefire:3.1.2:test (default-test) @ demo-services ---
[INFO] 
[INFO] ---------------------< org.ifolks.demo:demo-rest >----------------------
[INFO] Building demo-rest 1.0.0-SNAPSHOT                                  [7/9]
[INFO]   from demo-rest\pom.xml
[INFO] --------------------------------[ war ]---------------------------------
[INFO] 
[INFO] --- resources:3.3.1:resources (default-resources) @ demo-rest ---
[INFO] Copying 2 resources from src\main\resources to target\classes
[INFO] Copying 1 resource from src\main\resources to target\classes
[INFO] 
[INFO] --- compiler:3.11.0:compile (default-compile) @ demo-rest ---
[INFO] Nothing to compile - all classes are up to date
[INFO] 
[INFO] --- resources:3.3.1:testResources (default-testResources) @ demo-rest ---
[INFO] skip non existing resourceDirectory C:\Users\nicol\OneDrive\dev\sources\ifolks-open-source\ifolks-demo\demo-rest\src\test\resources
[INFO] 
[INFO] --- compiler:3.11.0:testCompile (default-testCompile) @ demo-rest ---
[INFO] No sources to compile
[INFO] 
[INFO] --- surefire:3.1.2:test (default-test) @ demo-rest ---
[INFO] 
[INFO] -------------------< org.ifolks.demo:demo-populator >-------------------
[INFO] Building demo-populator 1.0.0-SNAPSHOT                             [8/9]
[INFO]   from demo-populator\pom.xml
[INFO] --------------------------------[ jar ]---------------------------------
[INFO] 
[INFO] --- resources:3.3.1:resources (default-resources) @ demo-populator ---
[INFO] Copying 1 resource from src\main\resources to target\classes
[INFO] Copying 3 resources from src\main\resources to target\classes
[INFO] 
[INFO] --- compiler:3.11.0:compile (default-compile) @ demo-populator ---
[INFO] Nothing to compile - all classes are up to date
[INFO] 
[INFO] --- resources:3.3.1:testResources (default-testResources) @ demo-populator ---
[INFO] skip non existing resourceDirectory C:\Users\nicol\OneDrive\dev\sources\ifolks-open-source\ifolks-demo\demo-populator\src\test\resources
[INFO] 
[INFO] --- compiler:3.11.0:testCompile (default-testCompile) @ demo-populator ---
[INFO] No sources to compile
[INFO] 
[INFO] --- surefire:3.1.2:test (default-test) @ demo-populator ---
[INFO] 
[INFO] ---------------------< org.ifolks.demo:demo-tests >---------------------
[INFO] Building demo-tests 1.0.0-SNAPSHOT                                 [9/9]
[INFO]   from demo-tests\pom.xml
[INFO] --------------------------------[ jar ]---------------------------------
[INFO] 
[INFO] --- resources:3.3.1:resources (default-resources) @ demo-tests ---
[INFO] Copying 1 resource from src\main\resources to target\classes
[INFO] Copying 1 resource from src\main\resources to target\classes
[INFO] 
[INFO] --- compiler:3.11.0:compile (default-compile) @ demo-tests ---
[INFO] Nothing to compile - all classes are up to date
[INFO] 
[INFO] --- resources:3.3.1:testResources (default-testResources) @ demo-tests ---
[INFO] Copying 5 resources from src\test\resources to target\test-classes
[INFO] 
[INFO] --- compiler:3.11.0:testCompile (default-testCompile) @ demo-tests ---
[INFO] Nothing to compile - all classes are up to date
[INFO] 
[INFO] --- surefire:3.1.2:test (default-test) @ demo-tests ---
[INFO] Using auto detected provider org.apache.maven.surefire.junit4.JUnit4Provider
[INFO] 
[INFO] -------------------------------------------------------
[INFO]  T E S T S
[INFO] -------------------------------------------------------
[INFO] Running org.ifolks.demo.junit.SetupTest
20:07:10,912 |-INFO in ch.qos.logback.classic.LoggerContext[default] - This is logback-classic version 1.4.14
20:07:10,914 |-INFO in ch.qos.logback.classic.util.ContextInitializer@59662a0b - No custom configurators were discovered as a service.
20:07:10,914 |-INFO in ch.qos.logback.classic.util.ContextInitializer@59662a0b - Trying to configure with ch.qos.logback.classic.joran.SerializedModelConfigurator
20:07:10,915 |-INFO in ch.qos.logback.classic.util.ContextInitializer@59662a0b - Constructed configurator of type class ch.qos.logback.classic.joran.SerializedModelConfigurator
20:07:10,917 |-INFO in ch.qos.logback.classic.LoggerContext[default] - Could NOT find resource [logback-test.scmo]
20:07:10,918 |-INFO in ch.qos.logback.classic.LoggerContext[default] - Could NOT find resource [logback.scmo]
20:07:10,921 |-INFO in ch.qos.logback.classic.util.ContextInitializer@59662a0b - ch.qos.logback.classic.joran.SerializedModelConfigurator.configure() call lasted 3 milliseconds. ExecutionStatus=INVOKE_NEXT_IF_ANY
20:07:10,921 |-INFO in ch.qos.logback.classic.util.ContextInitializer@59662a0b - Trying to configure with ch.qos.logback.classic.util.DefaultJoranConfigurator
20:07:10,921 |-INFO in ch.qos.logback.classic.util.ContextInitializer@59662a0b - Constructed configurator of type class ch.qos.logback.classic.util.DefaultJoranConfigurator
20:07:10,922 |-INFO in ch.qos.logback.classic.LoggerContext[default] - Could NOT find resource [logback-test.xml]
20:07:10,924 |-INFO in ch.qos.logback.classic.LoggerContext[default] - Found resource [logback.xml] at [file:/C:/Users/nicol/OneDrive/dev/sources/ifolks-open-source/ifolks-demo/demo-tests/target/classes/logback.xml]
20:07:10,925 |-WARN in ch.qos.logback.classic.util.DefaultJoranConfigurator@77fbd92c - Resource [logback.xml] occurs multiple times on the classpath.
20:07:10,925 |-WARN in ch.qos.logback.classic.util.DefaultJoranConfigurator@77fbd92c - Resource [logback.xml] occurs at [jar:file:/C:/Users/nicol/.m2/repository/org/ifolks/generator/generator-bash/1.0.0-SNAPSHOT/generator-bash-1.0.0-SNAPSHOT.jar!/logback.xml]
20:07:10,925 |-WARN in ch.qos.logback.classic.util.DefaultJoranConfigurator@77fbd92c - Resource [logback.xml] occurs at [file:/C:/Users/nicol/OneDrive/dev/sources/ifolks-open-source/ifolks-demo/demo-tests/target/classes/logback.xml]
20:07:10,925 |-WARN in ch.qos.logback.classic.util.DefaultJoranConfigurator@77fbd92c - Resource [logback.xml] occurs at [file:/C:/Users/nicol/OneDrive/dev/sources/ifolks-open-source/ifolks-demo/demo-populator/target/classes/logback.xml]
20:07:11,071 |-INFO in ch.qos.logback.core.model.processor.AppenderModelHandler - Processing appender named [STDOUT]
20:07:11,071 |-INFO in ch.qos.logback.core.model.processor.AppenderModelHandler - About to instantiate appender of type [ch.qos.logback.core.ConsoleAppender]
20:07:11,137 |-INFO in ch.qos.logback.classic.model.processor.RootLoggerModelHandler - Setting level of ROOT logger to INFO
20:07:11,137 |-INFO in ch.qos.logback.core.model.processor.AppenderRefModelHandler - Attaching appender named [STDOUT] to Logger[ROOT]
20:07:11,138 |-INFO in ch.qos.logback.core.model.processor.DefaultProcessor@67c27493 - End of configuration.
20:07:11,140 |-INFO in ch.qos.logback.classic.joran.JoranConfigurator@1a482e36 - Registering current configuration as safe fallback point
20:07:11,140 |-INFO in ch.qos.logback.classic.util.ContextInitializer@59662a0b - ch.qos.logback.classic.util.DefaultJoranConfigurator.configure() call lasted 219 milliseconds. ExecutionStatus=DO_NOT_INVOKE_NEXT_IF_ANY

{"@timestamp":"2026-04-05T20:07:11,605","threadId":"main","logLevel":"WARN ","channel":"","transactionId":"","correlationId":"","logMessage":Exception encountered during context initialization - cancelling refresh attempt: org.springframework.beans.factory.BeanDefinitionStoreException: Incompatible class format in file [C:\Users\nicol\OneDrive\dev\sources\ifolks-open-source\ifolks-demo\demo-tests\target\test-classes\org\ifolks\demo\junit\SetupTest.class]: set system property 'spring.classformat.ignore' to 'true' if you mean to ignore such files during classpath scanning}
{"@timestamp":"2026-04-05T20:07:11,617","threadId":"main","logLevel":"WARN ","channel":"","transactionId":"","correlationId":"","logMessage":Caught exception while allowing TestExecutionListener [org.springframework.test.context.support.DependencyInjectionTestExecutionListener] to prepare test instance [org.ifolks.demo.junit.SetupTest@598bd2ba]}
java.lang.IllegalStateException: Failed to load ApplicationContext for [MergedContextConfiguration@4c1f22f3 testClass = org.ifolks.demo.junit.SetupTest, locations = [], classes = [org.ifolks.demo.junit.ApplicationConfig], contextInitializerClasses = [], activeProfiles = [], propertySourceDescriptors = [], propertySourceProperties = [], contextCustomizers = [], contextLoader = org.springframework.test.context.support.DelegatingSmartContextLoader, parent = null]
	at org.springframework.test.context.cache.DefaultCacheAwareContextLoaderDelegate.loadContext(DefaultCacheAwareContextLoaderDelegate.java:180)
	at org.springframework.test.context.support.DefaultTestContext.getApplicationContext(DefaultTestContext.java:130)
	at org.springframework.test.context.support.DependencyInjectionTestExecutionListener.injectDependencies(DependencyInjectionTestExecutionListener.java:141)
	at org.springframework.test.context.support.DependencyInjectionTestExecutionListener.prepareTestInstance(DependencyInjectionTestExecutionListener.java:97)
	at org.springframework.test.context.TestContextManager.prepareTestInstance(TestContextManager.java:260)
	at org.springframework.test.context.junit4.SpringJUnit4ClassRunner.createTest(SpringJUnit4ClassRunner.java:228)
	at org.springframework.test.context.junit4.SpringJUnit4ClassRunner$1.runReflectiveCall(SpringJUnit4ClassRunner.java:289)
	at org.junit.internal.runners.model.ReflectiveCallable.run(ReflectiveCallable.java:12)
	at org.springframework.test.context.junit4.SpringJUnit4ClassRunner.methodBlock(SpringJUnit4ClassRunner.java:291)
	at org.springframework.test.context.junit4.SpringJUnit4ClassRunner.runChild(SpringJUnit4ClassRunner.java:247)
	at org.springframework.test.context.junit4.SpringJUnit4ClassRunner.runChild(SpringJUnit4ClassRunner.java:97)
	at org.junit.runners.ParentRunner$4.run(ParentRunner.java:331)
	at org.junit.runners.ParentRunner$1.schedule(ParentRunner.java:79)
	at org.junit.runners.ParentRunner.runChildren(ParentRunner.java:329)
	at org.junit.runners.ParentRunner.access$100(ParentRunner.java:66)
	at org.junit.runners.ParentRunner$2.evaluate(ParentRunner.java:293)
	at org.springframework.test.context.junit4.statements.RunBeforeTestClassCallbacks.evaluate(RunBeforeTestClassCallbacks.java:61)
	at org.springframework.test.context.junit4.statements.RunAfterTestClassCallbacks.evaluate(RunAfterTestClassCallbacks.java:70)
	at org.junit.runners.ParentRunner$3.evaluate(ParentRunner.java:306)
	at org.junit.runners.ParentRunner.run(ParentRunner.java:413)
	at org.springframework.test.context.junit4.SpringJUnit4ClassRunner.run(SpringJUnit4ClassRunner.java:191)
	at org.apache.maven.surefire.junit4.JUnit4Provider.execute(JUnit4Provider.java:316)
	at org.apache.maven.surefire.junit4.JUnit4Provider.executeWithRerun(JUnit4Provider.java:240)
	at org.apache.maven.surefire.junit4.JUnit4Provider.executeTestSet(JUnit4Provider.java:214)
	at org.apache.maven.surefire.junit4.JUnit4Provider.invoke(JUnit4Provider.java:155)
	at org.apache.maven.surefire.booter.ForkedBooter.runSuitesInProcess(ForkedBooter.java:385)
	at org.apache.maven.surefire.booter.ForkedBooter.execute(ForkedBooter.java:162)
	at org.apache.maven.surefire.booter.ForkedBooter.run(ForkedBooter.java:507)
	at org.apache.maven.surefire.booter.ForkedBooter.main(ForkedBooter.java:495)
Caused by: org.springframework.beans.factory.BeanDefinitionStoreException: Incompatible class format in file [C:\Users\nicol\OneDrive\dev\sources\ifolks-open-source\ifolks-demo\demo-tests\target\test-classes\org\ifolks\demo\junit\SetupTest.class]: set system property 'spring.classformat.ignore' to 'true' if you mean to ignore such files during classpath scanning
	at org.springframework.context.annotation.ClassPathScanningCandidateComponentProvider.scanCandidateComponents(ClassPathScanningCandidateComponentProvider.java:504)
	at org.springframework.context.annotation.ClassPathScanningCandidateComponentProvider.findCandidateComponents(ClassPathScanningCandidateComponentProvider.java:351)
	at org.springframework.context.annotation.ClassPathBeanDefinitionScanner.doScan(ClassPathBeanDefinitionScanner.java:277)
	at org.springframework.context.annotation.ComponentScanAnnotationParser.parse(ComponentScanAnnotationParser.java:128)
	at org.springframework.context.annotation.ConfigurationClassParser.doProcessConfigurationClass(ConfigurationClassParser.java:306)
	at org.springframework.context.annotation.ConfigurationClassParser.processConfigurationClass(ConfigurationClassParser.java:246)
	at org.springframework.context.annotation.ConfigurationClassParser.parse(ConfigurationClassParser.java:197)
	at org.springframework.context.annotation.ConfigurationClassParser.parse(ConfigurationClassParser.java:165)
	at org.springframework.context.annotation.ConfigurationClassPostProcessor.processConfigBeanDefinitions(ConfigurationClassPostProcessor.java:416)
	at org.springframework.context.annotation.ConfigurationClassPostProcessor.postProcessBeanDefinitionRegistry(ConfigurationClassPostProcessor.java:289)
	at org.springframework.context.support.PostProcessorRegistrationDelegate.invokeBeanDefinitionRegistryPostProcessors(PostProcessorRegistrationDelegate.java:349)
	at org.springframework.context.support.PostProcessorRegistrationDelegate.invokeBeanFactoryPostProcessors(PostProcessorRegistrationDelegate.java:118)
	at org.springframework.context.support.AbstractApplicationContext.invokeBeanFactoryPostProcessors(AbstractApplicationContext.java:789)
	at org.springframework.context.support.AbstractApplicationContext.refresh(AbstractApplicationContext.java:606)
	at org.springframework.test.context.support.AbstractGenericContextLoader.loadContext(AbstractGenericContextLoader.java:221)
	at org.springframework.test.context.support.AbstractGenericContextLoader.loadContext(AbstractGenericContextLoader.java:110)
	at org.springframework.test.context.support.AbstractDelegatingSmartContextLoader.loadContext(AbstractDelegatingSmartContextLoader.java:212)
	at org.springframework.test.context.cache.DefaultCacheAwareContextLoaderDelegate.loadContextInternal(DefaultCacheAwareContextLoaderDelegate.java:225)
	at org.springframework.test.context.cache.DefaultCacheAwareContextLoaderDelegate.loadContext(DefaultCacheAwareContextLoaderDelegate.java:152)
	... 28 common frames omitted
Caused by: org.springframework.core.type.classreading.ClassFormatException: ASM ClassReader failed to parse class file - probably due to a new Java class file version that is not supported yet. Consider compiling with a lower '-target' or upgrade your framework version. Affected class: file [C:\Users\nicol\OneDrive\dev\sources\ifolks-open-source\ifolks-demo\demo-tests\target\test-classes\org\ifolks\demo\junit\SetupTest.class]
	at org.springframework.core.type.classreading.SimpleMetadataReader.getClassReader(SimpleMetadataReader.java:59)
	at org.springframework.core.type.classreading.SimpleMetadataReader.<init>(SimpleMetadataReader.java:48)
	at org.springframework.core.type.classreading.SimpleMetadataReaderFactory.getMetadataReader(SimpleMetadataReaderFactory.java:103)
	at org.springframework.core.type.classreading.CachingMetadataReaderFactory.getMetadataReader(CachingMetadataReaderFactory.java:122)
	at org.springframework.context.annotation.ClassPathScanningCandidateComponentProvider.scanCandidateComponents(ClassPathScanningCandidateComponentProvider.java:470)
	... 46 common frames omitted
Caused by: java.lang.IllegalArgumentException: Unsupported class file major version 69
	at org.springframework.asm.ClassReader.<init>(ClassReader.java:199)
	at org.springframework.asm.ClassReader.<init>(ClassReader.java:180)
	at org.springframework.asm.ClassReader.<init>(ClassReader.java:166)
	at org.springframework.asm.ClassReader.<init>(ClassReader.java:287)
	at org.springframework.core.type.classreading.SimpleMetadataReader.getClassReader(SimpleMetadataReader.java:56)
	... 50 common frames omitted
[ERROR] Tests run: 1, Failures: 0, Errors: 1, Skipped: 0, Time elapsed: 0.788 s <<< FAILURE! -- in org.ifolks.demo.junit.SetupTest
[ERROR] org.ifolks.demo.junit.SetupTest.testSetup -- Time elapsed: 0.006 s <<< ERROR!
java.lang.IllegalStateException: Failed to load ApplicationContext for [MergedContextConfiguration@4c1f22f3 testClass = org.ifolks.demo.junit.SetupTest, locations = [], classes = [org.ifolks.demo.junit.ApplicationConfig], contextInitializerClasses = [], activeProfiles = [], propertySourceDescriptors = [], propertySourceProperties = [], contextCustomizers = [], contextLoader = org.springframework.test.context.support.DelegatingSmartContextLoader, parent = null]
	at org.springframework.test.context.cache.DefaultCacheAwareContextLoaderDelegate.loadContext(DefaultCacheAwareContextLoaderDelegate.java:180)
	at org.springframework.test.context.support.DefaultTestContext.getApplicationContext(DefaultTestContext.java:130)
	at org.springframework.test.context.support.DependencyInjectionTestExecutionListener.injectDependencies(DependencyInjectionTestExecutionListener.java:141)
	at org.springframework.test.context.support.DependencyInjectionTestExecutionListener.prepareTestInstance(DependencyInjectionTestExecutionListener.java:97)
	at org.springframework.test.context.TestContextManager.prepareTestInstance(TestContextManager.java:260)
	at org.springframework.test.context.junit4.SpringJUnit4ClassRunner.createTest(SpringJUnit4ClassRunner.java:228)
	at org.springframework.test.context.junit4.SpringJUnit4ClassRunner$1.runReflectiveCall(SpringJUnit4ClassRunner.java:289)
	at org.junit.internal.runners.model.ReflectiveCallable.run(ReflectiveCallable.java:12)
	at org.springframework.test.context.junit4.SpringJUnit4ClassRunner.methodBlock(SpringJUnit4ClassRunner.java:291)
	at org.springframework.test.context.junit4.SpringJUnit4ClassRunner.runChild(SpringJUnit4ClassRunner.java:247)
	at org.springframework.test.context.junit4.SpringJUnit4ClassRunner.runChild(SpringJUnit4ClassRunner.java:97)
	at org.junit.runners.ParentRunner$4.run(ParentRunner.java:331)
	at org.junit.runners.ParentRunner$1.schedule(ParentRunner.java:79)
	at org.junit.runners.ParentRunner.runChildren(ParentRunner.java:329)
	at org.junit.runners.ParentRunner.access$100(ParentRunner.java:66)
	at org.junit.runners.ParentRunner$2.evaluate(ParentRunner.java:293)
	at org.springframework.test.context.junit4.statements.RunBeforeTestClassCallbacks.evaluate(RunBeforeTestClassCallbacks.java:61)
	at org.springframework.test.context.junit4.statements.RunAfterTestClassCallbacks.evaluate(RunAfterTestClassCallbacks.java:70)
	at org.junit.runners.ParentRunner$3.evaluate(ParentRunner.java:306)
	at org.junit.runners.ParentRunner.run(ParentRunner.java:413)
	at org.springframework.test.context.junit4.SpringJUnit4ClassRunner.run(SpringJUnit4ClassRunner.java:191)
	at org.apache.maven.surefire.junit4.JUnit4Provider.execute(JUnit4Provider.java:316)
	at org.apache.maven.surefire.junit4.JUnit4Provider.executeWithRerun(JUnit4Provider.java:240)
	at org.apache.maven.surefire.junit4.JUnit4Provider.executeTestSet(JUnit4Provider.java:214)
	at org.apache.maven.surefire.junit4.JUnit4Provider.invoke(JUnit4Provider.java:155)
	at org.apache.maven.surefire.booter.ForkedBooter.runSuitesInProcess(ForkedBooter.java:385)
	at org.apache.maven.surefire.booter.ForkedBooter.execute(ForkedBooter.java:162)
	at org.apache.maven.surefire.booter.ForkedBooter.run(ForkedBooter.java:507)
	at org.apache.maven.surefire.booter.ForkedBooter.main(ForkedBooter.java:495)
Caused by: org.springframework.beans.factory.BeanDefinitionStoreException: Incompatible class format in file [C:\Users\nicol\OneDrive\dev\sources\ifolks-open-source\ifolks-demo\demo-tests\target\test-classes\org\ifolks\demo\junit\SetupTest.class]: set system property 'spring.classformat.ignore' to 'true' if you mean to ignore such files during classpath scanning
	at org.springframework.context.annotation.ClassPathScanningCandidateComponentProvider.scanCandidateComponents(ClassPathScanningCandidateComponentProvider.java:504)
	at org.springframework.context.annotation.ClassPathScanningCandidateComponentProvider.findCandidateComponents(ClassPathScanningCandidateComponentProvider.java:351)
	at org.springframework.context.annotation.ClassPathBeanDefinitionScanner.doScan(ClassPathBeanDefinitionScanner.java:277)
	at org.springframework.context.annotation.ComponentScanAnnotationParser.parse(ComponentScanAnnotationParser.java:128)
	at org.springframework.context.annotation.ConfigurationClassParser.doProcessConfigurationClass(ConfigurationClassParser.java:306)
	at org.springframework.context.annotation.ConfigurationClassParser.processConfigurationClass(ConfigurationClassParser.java:246)
	at org.springframework.context.annotation.ConfigurationClassParser.parse(ConfigurationClassParser.java:197)
	at org.springframework.context.annotation.ConfigurationClassParser.parse(ConfigurationClassParser.java:165)
	at org.springframework.context.annotation.ConfigurationClassPostProcessor.processConfigBeanDefinitions(ConfigurationClassPostProcessor.java:416)
	at org.springframework.context.annotation.ConfigurationClassPostProcessor.postProcessBeanDefinitionRegistry(ConfigurationClassPostProcessor.java:289)
	at org.springframework.context.support.PostProcessorRegistrationDelegate.invokeBeanDefinitionRegistryPostProcessors(PostProcessorRegistrationDelegate.java:349)
	at org.springframework.context.support.PostProcessorRegistrationDelegate.invokeBeanFactoryPostProcessors(PostProcessorRegistrationDelegate.java:118)
	at org.springframework.context.support.AbstractApplicationContext.invokeBeanFactoryPostProcessors(AbstractApplicationContext.java:789)
	at org.springframework.context.support.AbstractApplicationContext.refresh(AbstractApplicationContext.java:606)
	at org.springframework.test.context.support.AbstractGenericContextLoader.loadContext(AbstractGenericContextLoader.java:221)
	at org.springframework.test.context.support.AbstractGenericContextLoader.loadContext(AbstractGenericContextLoader.java:110)
	at org.springframework.test.context.support.AbstractDelegatingSmartContextLoader.loadContext(AbstractDelegatingSmartContextLoader.java:212)
	at org.springframework.test.context.cache.DefaultCacheAwareContextLoaderDelegate.loadContextInternal(DefaultCacheAwareContextLoaderDelegate.java:225)
	at org.springframework.test.context.cache.DefaultCacheAwareContextLoaderDelegate.loadContext(DefaultCacheAwareContextLoaderDelegate.java:152)
	... 28 more
Caused by: org.springframework.core.type.classreading.ClassFormatException: ASM ClassReader failed to parse class file - probably due to a new Java class file version that is not supported yet. Consider compiling with a lower '-target' or upgrade your framework version. Affected class: file [C:\Users\nicol\OneDrive\dev\sources\ifolks-open-source\ifolks-demo\demo-tests\target\test-classes\org\ifolks\demo\junit\SetupTest.class]
	at org.springframework.core.type.classreading.SimpleMetadataReader.getClassReader(SimpleMetadataReader.java:59)
	at org.springframework.core.type.classreading.SimpleMetadataReader.<init>(SimpleMetadataReader.java:48)
	at org.springframework.core.type.classreading.SimpleMetadataReaderFactory.getMetadataReader(SimpleMetadataReaderFactory.java:103)
	at org.springframework.core.type.classreading.CachingMetadataReaderFactory.getMetadataReader(CachingMetadataReaderFactory.java:122)
	at org.springframework.context.annotation.ClassPathScanningCandidateComponentProvider.scanCandidateComponents(ClassPathScanningCandidateComponentProvider.java:470)
	... 46 more
Caused by: java.lang.IllegalArgumentException: Unsupported class file major version 69
	at org.springframework.asm.ClassReader.<init>(ClassReader.java:199)
	at org.springframework.asm.ClassReader.<init>(ClassReader.java:180)
	at org.springframework.asm.ClassReader.<init>(ClassReader.java:166)
	at org.springframework.asm.ClassReader.<init>(ClassReader.java:287)
	at org.springframework.core.type.classreading.SimpleMetadataReader.getClassReader(SimpleMetadataReader.java:56)
	... 50 more

[INFO] 
[INFO] Results:
[INFO] 
[ERROR] Errors: 
[ERROR]   SetupTest.testSetup ╗ IllegalState Failed to load ApplicationContext for [MergedContextConfiguration@4c1f22f3 testClass = org.ifolks.demo.junit.SetupTest, locations = [], classes = [org.ifolks.demo.junit.ApplicationConfig], contextInitializerClasses = [], activeProfiles = [], propertySourceDescriptors = [], propertySourceProperties = [], contextCustomizers = [], contextLoader = org.springframework.test.context.support.DelegatingSmartContextLoader, parent = null]
[INFO] 
[ERROR] Tests run: 1, Failures: 0, Errors: 1, Skipped: 0
[INFO] 
[INFO] ------------------------------------------------------------------------
[INFO] Reactor Summary for demo-root 1.0.0-SNAPSHOT:
[INFO] 
[INFO] demo-root .......................................... SUCCESS [  0.002 s]
[INFO] demo-api ........................................... SUCCESS [  0.723 s]
[INFO] demo-model ......................................... SUCCESS [  0.176 s]
[INFO] demo-persistence ................................... SUCCESS [  0.148 s]
[INFO] demo-components .................................... SUCCESS [  0.231 s]
[INFO] demo-services ...................................... SUCCESS [  0.157 s]
[INFO] demo-rest .......................................... SUCCESS [  0.299 s]
[INFO] demo-populator ..................................... SUCCESS [  0.230 s]
[INFO] demo-tests ......................................... FAILURE [  1.754 s]
[INFO] ------------------------------------------------------------------------
[INFO] BUILD FAILURE
[INFO] ------------------------------------------------------------------------
[INFO] Total time:  4.090 s
[INFO] Finished at: 2026-04-05T20:07:11+02:00
[INFO] ------------------------------------------------------------------------
[ERROR] Failed to execute goal org.apache.maven.plugins:maven-surefire-plugin:3.1.2:test (default-test) on project demo-tests: 
[ERROR] 
[ERROR] Please refer to C:\Users\nicol\OneDrive\dev\sources\ifolks-open-source\ifolks-demo\demo-tests\target\surefire-reports for the individual test results.
[ERROR] Please refer to dump files (if any exist) [date].dump, [date]-jvmRun[N].dump and [date].dumpstream.
[ERROR] -> [Help 1]
[ERROR] 
[ERROR] To see the full stack trace of the errors, re-run Maven with the -e switch.
[ERROR] Re-run Maven using the -X switch to enable full debug logging.
[ERROR] 
[ERROR] For more information about the errors and possible solutions, please read the following articles:
[ERROR] [Help 1] http://cwiki.apache.org/confluence/display/MAVEN/MojoFailureException
[ERROR] 
[ERROR] After correcting the problems, you can resume the build with the command
[ERROR]   mvn <args> -rf :demo-tests
